Astroids\Thruster.music	Play
Astroids\Thruster.music	Stop
Astroids\Thruster.music	Play
Astroids\Thruster.music	Stop
Astroids\Shot.music	Play
Astroids\AstroidExplode.music	Play
Astroids\Shot.music	Play
Astroids\SatellitExplode.music	Play
Astroids\SatellitExplode.music	Play
Astroids\SatellitExplode.music	Play
Astroids\SatellitExplode.music	Play
Astroids\Thruster.music	Play
Astroids\Thruster.music	Stop
Astroids\Thruster.music	Play
Astroids\Thruster.music	Stop
Astroids\Shot.music	Play
Astroids\Shot.music	Play
Astroids\ParticleExplode.music	Play
Astroids\Shot.music	Play
Astroids\AstroidExplode.music	Play
Astroids\Shot.music	Play
Astroids\ParticleExplode.music	Play
Astroids\Thruster.music	Play
Astroids\Shot.music	Play
Astroids\Thruster.music	Stop
Astroids\Shot.music	Play
Astroids\ParticleExplode.music	Play
Astroids\Shot.music	Play
Astroids\ParticleExplode.music	Play
Astroids\ParticleExplode.music	Play
Astroids\Shot.music	Play
Astroids\Shot.music	Play
Astroids\ParticleExplode.music	Play
Astroids\Shot.music	Play
Astroids\ParticleExplode.music	Play
Astroids\Shot.music	Play
Astroids\Shot.music	Play
Astroids\Shot.music	Play
Astroids\AstroidExplode.music	Play
Astroids\Shot.music	Play
Astroids\Shot.music	Play
Astroids\Shot.music	Play
Astroids\Shot.music	Play
Astroids\AstroidExplode.music	Play
Astroids\Shot.music	Play
Astroids\ParticleExplode.music	Play
Astroids\ParticleExplode.music	Play