CarDrifter\Brake.music	Stop
CarDrifter\Brake.music	Stop
CarDrifter\Brake.music	Play
CarDrifter\Brake.music	Stop
CarDrifter\Brake.music	Play
CarDrifter\Brake.music	Stop
CarDrifter\Brake.music	Play
CarDrifter\Brake.music	Stop
CarDrifter\Brake.music	Play
CarDrifter\Brake.music	Stop