Elma\Motor.music	Play
Elma\RotateArms.mp3	Play
Elma\Motor.music	Stop
Elma\SpinDirection.mp3	Play
Elma\SpinDirection.mp3	Play
Elma\Motor.music	Play
Elma\Motor.music	Stop
Elma\Motor.music	Play
Elma\Motor.music	Stop
Elma\Motor.music	Play
Elma\Motor.music	Stop
Elma\RotateArms.mp3	Play
Elma\Motor.music	Play
Elma\Motor.music	Stop
Elma\Motor.music	Play
Elma\Motor.music	Stop
Elma\Motor.music	Play
Elma\Motor.music	Stop
Elma\Motor.music	Play
Elma\Motor.music	Stop
Elma\Motor.music	Play
Elma\Motor.music	Stop
Elma\Motor.music	Play
Elma\Motor.music	Stop
Elma\Motor.music	Play
Elma\RotateArms.mp3	Play
Elma\Motor.music	Stop
Elma\RotateArms.mp3	Play
Elma\Motor.music	Play
Elma\Motor.music	Stop
Elma\Motor.music	Play
Elma\Motor.music	Stop
Elma\Motor.music	Play
Elma\Motor.music	Stop
Elma\RotateArms.mp3	Play
Elma\RotateArms.mp3	Play
Elma\Motor.music	Play
Elma\Motor.music	Stop
Elma\RotateArms.mp3	Play
Elma\CollectAppel.mp3	Play
Elma\RotateArms.mp3	Play
Elma\Motor.music	Play
Elma\Motor.music	Stop
Elma\Motor.music	Play
Elma\RotateArms.mp3	Play
Elma\Motor.music	Stop
Elma\Motor.music	Play
Elma\Motor.music	Stop
Elma\Motor.music	Play
Elma\Motor.music	Stop
Elma\Motor.music	Play
Elma\Motor.music	Stop
Elma\Motor.music	Play
Elma\Motor.music	Stop
Elma\Motor.music	Play
Elma\Motor.music	Stop
Elma\Motor.music	Play
Elma\Motor.music	Stop
Elma\Motor.music	Play
Elma\Motor.music	Stop
Elma\Motor.music	Play
Elma\Motor.music	Stop
Elma\RotateArms.mp3	Play
Elma\Motor.music	Play
Elma\CollectAppel.mp3	Play
Elma\Motor.music	Stop
Elma\CollectFlower.mp3	Play